[prodigitalbundle.in/index3024.html]
[backblue.gif]
[fade.gif]
[index.html]
[assets.grooveapps.com/images/5ee5bd55eae640001312fb26/1607013228_pro digital logoa0d8.png]
[app.groovefunnels.com/groovepages/css/inpage_published.css]
[app.groovefunnels.com/groovepages/css/chunk-vendors.html]
[connect.facebook.net/en_US/fbevents.js]
[kit.fontawesome.com/e7647a48d4.js]
[assets.grooveapps.com/images/5ee5bd55eae640001312fb26/1606056845Oalh2MojUuka0d8.jpg]
[assets.grooveapps.com/images/5ee5bd55eae640001312fb26/1606056845Oalh2MojUuk.jpg]
[assets.grooveapps.com/images/5ee5bd55eae640001312fb26/1606225049LrgP3N8UCpw.jpg]
[assets.grooveapps.com/images/5ee5bd55eae640001312fb26/1606225049LrgP3N8UCpwa0d8.jpg]
[assets.grooveapps.com/plugins/countdown-lib.web.js]
[assets.grooveapps.com/images/5ee5bd55eae640001312fb26/1613104990_5.png]
[assets.grooveapps.com/images/5ee5bd55eae640001312fb26/1606996724_databasea0d8.png]
[assets.grooveapps.com/images/5ee5bd55eae640001312fb26/1606996787_truecaller.png]
[assets.grooveapps.com/images/5ee5bd55eae640001312fb26/1606995334_courses.png]
[assets.grooveapps.com/images/5ee5bd55eae640001312fb26/1607079569_software data.png]
[assets.grooveapps.com/images/5ee5bd55eae640001312fb26/1606211203_festival Image.png]
[assets.grooveapps.com/images/5ee5bd55eae640001312fb26/1606211348_festival Template.png]
[assets.grooveapps.com/images/5ee5bd55eae640001312fb26/1606211487_vector.png]
[assets.grooveapps.com/images/5ee5bd55eae640001312fb26/1606212972_Themes and Plugins.png]
[assets.grooveapps.com/images/5ee5bd55eae640001312fb26/1606213877_infographics.png]
[assets.grooveapps.com/images/5ee5bd55eae640001312fb26/1607171337_HD Icons.png]
[assets.grooveapps.com/images/5ee5bd55eae640001312fb26/1606216801_HD graphics.png]
[assets.grooveapps.com/images/5ee5bd55eae640001312fb26/1606217002_Duo Tones Collection.png]
[assets.grooveapps.com/images/5ee5bd55eae640001312fb26/1606217057_Huge Gradient Collections.png]
[assets.grooveapps.com/images/5ee5bd55eae640001312fb26/1607171419_vcard1.png]
[assets.grooveapps.com/images/5ee5bd55eae640001312fb26/1607171470_vcard2.png]
[prodigitalbundle.in/cdn-cgi/l/email-protection.html]
[prodigitalbundle.in/cdn-cgi/scripts/5c5dd728/cloudflare-static/email-decode.min.js]
[app.groovefunnels.com/groovepages/js/inpage_published.js]
[prodigitalbundle.in/index3024.html]
[app.groovefunnels.com/groovepages/css/inpage_published.css]
[app.groovefunnels.com/groovepages/js/chunk-vendors.html]
[app.groovefunnels.com/cdn-cgi/apps/head/v-JyxSObcuVxXoY6j0jNiUpoYxk.js]
[app.groovefunnels.com/groovepages/apple-touch-icon.png]
[app.groovefunnels.com/groovepages/favicon-32x32.png]
[app.groovefunnels.com/groovepages/favicon-16x16.png]
[cdnjs.cloudflare.com/ajax/libs/animate.css/3.7.2/animate.min.css]
[app.groovefunnels.com/groovepages/css/index.css]
[app.groovefunnels.com/groovepages/css/chunk-vendors.html]
[prodigitalbundle.in/c]
[prodigitalbundle.in/b]
[prodigitalbundle.in/POST]
[connect.facebook.net/en_US/fbevents.js]
[prodigitalbundle.in/cdn-cgi/l/email-protection.html]
[app.groovefunnels.com/groovepages/js/chunk-vendors.html]
[cdnjs.cloudflare.com/ajax/libs/animate.css/3.7.2/animate.min.css]
[www.googletagmanager.com/gtm5445.html]
[app.groovefunnels.com/groovepages/js/index.js]
[app.groovefunnels.com/groovepages/css/index.css]
[prodigitalbundle.in/c.html]
[prodigitalbundle.in/b.html]
[prodigitalbundle.in/POST.html]
[app.groovefunnels.com/groovepages/css/[object Module].html]
[app.groovefunnels.com/groovepages/css/[object Module].html]
[app.groovefunnels.com/cdn-cgi/bm/cv/669835187/api.js]
